<button
  id="lecture-basics-cancel"
  type="button"
  class="btn btn-sm btn-secondary ms-2"
  data-id="<%= lecture.id %>"
  data-test="<%= course.other_id %>"
  onclick="abc"
>
  <%= t("buttons.discard") %>
</button>
